// Jest Snapshot v1, https://goo.gl/fbAQLP

exports[`AdicionarNota component adiciona uma nova nota 1`] = `undefined`;

exports[`AdicionarNota component matches snapshot 1`] = `
<div>
  <form>
    <input
      name="titulo"
      placeholder="Titulo"
      required=""
      type="text"
      value=""
    />
    <textarea
      name="conteudo"
      placeholder="Conteudo"
      required=""
      rows="5"
    />
    <label>
      Prioridade
      <select
        id="prioridade"
        name="prioridade"
      >
        <option
          value="baixa"
        >
          Baixa
        </option>
        <option
          value="media"
        >
          Media
        </option>
        <option
          value="alta"
        >
          Alta
        </option>
      </select>
    </label>
    <button
      title="Adicionar nota"
      type="submit"
    >
      <svg
        fill="currentColor"
        height="1em"
        stroke="currentColor"
        stroke-width="0"
        viewBox="0 0 448 512"
        width="1em"
        xmlns="http://www.w3.org/2000/svg"
      >
        <path
          d="M256 80c0-17.7-14.3-32-32-32s-32 14.3-32 32V224H48c-17.7 0-32 14.3-32 32s14.3 32 32 32H192V432c0 17.7 14.3 32 32 32s32-14.3 32-32V288H400c17.7 0 32-14.3 32-32s-14.3-32-32-32H256V80z"
        />
      </svg>
    </button>
  </form>
</div>
`;
