// Jest Snapshot v1, https://goo.gl/fbAQLP

exports[`Rodape component matches snapshot 1`] = `
<DocumentFragment>
  <div
    class="footer"
  >
    <p>
      â’¸ Desenvolvido por Luciana S. Felix
    </p>
  </div>
</DocumentFragment>
`;
